RAM Allocation
Variable                                                          Address   Size
--------------------------------------------------------------------------------
rx_buffer0                                                        0x0200       8
tx_buffer0                                                        0x0208       8
_seed                                                             0x0210       4

EEPROM Allocation
Variable                                                          Address   Size
--------------------------------------------------------------------------------

Register Allocation
Variable                                                          Register  Size
--------------------------------------------------------------------------------
rx_wr_index0                                                      R3           1
rx_rd_index0                                                      R2           1
rx_counter0                                                       R5           1
rx_buffer_overflow0                                               GPIOR0.0  1bit
tx_wr_index0                                                      R4           1
tx_rd_index0                                                      R7           1
tx_counter0                                                       R6           1
